// Jest Snapshot v1, https://goo.gl/fbAQLP

exports[`renders correctly 1`] = `
<div
  className="quote-page"
>
  <h1>
    Today's Quote....
  </h1>
  <p>
    When the seas of life get rough, remember Someone else was here in the same boat with the same scenerio and scaled through. - Unknown
  </p>
</div>
`;
